[theembazaar.com/demo/3xtheme/jio-construction/index.html]
[backblue.gif]
[fade.gif]
[index.html]
[theembazaar.com/demo/3xtheme/jio-construction/favicon.ico]
[theembazaar.com/demo/3xtheme/jio-construction/assets/css/bootstrap.min.css]
[theembazaar.com/demo/3xtheme/jio-construction/assets/css/font-awesome.css]
[theembazaar.com/demo/3xtheme/jio-construction/assets/css/ionicons.css]
[theembazaar.com/demo/3xtheme/jio-construction/assets/css/flaticon.css]
[theembazaar.com/demo/3xtheme/jio-construction/assets/css/jquery.fancybox.css]
[theembazaar.com/demo/3xtheme/jio-construction/assets/css/settings.css]
[theembazaar.com/demo/3xtheme/jio-construction/assets/css/layers.css]
[theembazaar.com/demo/3xtheme/jio-construction/assets/css/owl.carousel.css]
[theembazaar.com/demo/3xtheme/jio-construction/assets/css/style.css]
[theembazaar.com/demo/3xtheme/jio-construction/assets/css/header1.css]
[theembazaar.com/demo/3xtheme/jio-construction/assets/css/footer1.css]
[theembazaar.com/demo/3xtheme/jio-construction/assets/css/index1.css]
[theembazaar.com/demo/3xtheme/jio-construction/assets/css/theme-color/default.css]
[theembazaar.com/demo/3xtheme/jio-construction/assets/images/logo.png]
[theembazaar.com/demo/3xtheme/jio-construction/index2.html]
[theembazaar.com/demo/3xtheme/jio-construction/index3.html]
[theembazaar.com/demo/3xtheme/jio-construction/about.html]
[theembazaar.com/demo/3xtheme/jio-construction/about2.html]
[theembazaar.com/demo/3xtheme/jio-construction/about3.html]
[theembazaar.com/demo/3xtheme/jio-construction/history.html]
[theembazaar.com/demo/3xtheme/jio-construction/career.html]
[theembazaar.com/demo/3xtheme/jio-construction/partnerships.html]
[theembazaar.com/demo/3xtheme/jio-construction/leadership.html]
[theembazaar.com/demo/3xtheme/jio-construction/services.html]
[theembazaar.com/demo/3xtheme/jio-construction/services-details.html]
[theembazaar.com/demo/3xtheme/jio-construction/project.html]
[theembazaar.com/demo/3xtheme/jio-construction/project-details.html]
[theembazaar.com/demo/3xtheme/jio-construction/blog.html]
[theembazaar.com/demo/3xtheme/jio-construction/blog-detail.html]
[theembazaar.com/demo/3xtheme/jio-construction/portfolio-grid.html]
[theembazaar.com/demo/3xtheme/jio-construction/portfolio-masonry.html]
[theembazaar.com/demo/3xtheme/jio-construction/team.html]
[theembazaar.com/demo/3xtheme/jio-construction/faq.html]
[theembazaar.com/demo/3xtheme/jio-construction/register.html]
[theembazaar.com/demo/3xtheme/jio-construction/login.html]
[theembazaar.com/demo/3xtheme/jio-construction/testimonial.html]
[theembazaar.com/demo/3xtheme/jio-construction/404.html]
[theembazaar.com/demo/3xtheme/jio-construction/blank.html]
[theembazaar.com/demo/3xtheme/jio-construction/contact.html]
[theembazaar.com/demo/3xtheme/jio-construction/assets/images/banner/slider1.jpg]
[theembazaar.com/demo/3xtheme/jio-construction/about_us.2a.delayed]
[theembazaar.com/demo/3xtheme/jio-construction/assets/images/banner/slider2.jpg]
[theembazaar.com/demo/3xtheme/jio-construction/assets/images/people3.jpg]
[theembazaar.com/demo/3xtheme/jio-construction/assets/images/people2.jpg]
[theembazaar.com/demo/3xtheme/jio-construction/assets/images/people1.jpg]
[theembazaar.com/demo/3xtheme/jio-construction/assets/images/worker_team.png]
[theembazaar.com/demo/3xtheme/jio-construction/assets/images/services/1-1.jpg]
[theembazaar.com/demo/3xtheme/jio-construction/assets/images/services/5-1.jpg]
[theembazaar.com/demo/3xtheme/jio-construction/assets/images/services/6-1.jpg]
[theembazaar.com/demo/3xtheme/jio-construction/assets/images/services/service-1.jpg]
[theembazaar.com/demo/3xtheme/jio-construction/assets/images/services/service-2.jpg]
[theembazaar.com/demo/3xtheme/jio-construction/assets/images/services/service-3.jpg]
[theembazaar.com/demo/3xtheme/jio-construction/assets/images/team/team1.jpg]
[theembazaar.com/demo/3xtheme/jio-construction/assets/images/team/team2.jpg]
[theembazaar.com/demo/3xtheme/jio-construction/assets/images/team/team3.jpg]
[theembazaar.com/demo/3xtheme/jio-construction/assets/images/team/team4.jpg]
[theembazaar.com/demo/3xtheme/jio-construction/assets/images/author.jpg]
[theembazaar.com/demo/3xtheme/jio-construction/assets/images/blog/home_blog1.jpg]
[theembazaar.com/demo/3xtheme/jio-construction/assets/images/blog/home_blog2.jpg]
[theembazaar.com/demo/3xtheme/jio-construction/assets/images/blog/blog-small-img2.jpg]
[theembazaar.com/demo/3xtheme/jio-construction/assets/images/blog/blog-small-img1.jpg]
[theembazaar.com/demo/3xtheme/jio-construction/assets/js/jquery.min.js]
[theembazaar.com/demo/3xtheme/jio-construction/assets/js/tether.min.js]
[theembazaar.com/demo/3xtheme/jio-construction/assets/js/bootstrap.min.js]
[theembazaar.com/demo/3xtheme/jio-construction/assets/js/jquery.easing.js]
[theembazaar.com/demo/3xtheme/jio-construction/assets/js/jquery.mousewheel-3.0.6.pack.js]
[theembazaar.com/demo/3xtheme/jio-construction/assets/js/jquery.fancybox.pack.js]
[theembazaar.com/demo/3xtheme/jio-construction/assets/js/imagesloaded.pkgd.min.js]
[theembazaar.com/demo/3xtheme/jio-construction/assets/js/isotope.pkgd.min.js]
[theembazaar.com/demo/3xtheme/jio-construction/assets/js/masonry.pkgd.min.js]
[theembazaar.com/demo/3xtheme/jio-construction/assets/js/jquery.appear.js]
[theembazaar.com/demo/3xtheme/jio-construction/assets/js/jquery.themepunch.tools.min.js]
[theembazaar.com/demo/3xtheme/jio-construction/assets/js/jquery.themepunch.revolution.min.js]
[theembazaar.com/demo/3xtheme/jio-construction/assets/extensions/revolution.extension.slideanims.min.js]
[theembazaar.com/demo/3xtheme/jio-construction/assets/extensions/revolution.extension.parallax.min.js]
[theembazaar.com/demo/3xtheme/jio-construction/assets/js/jquery.revolution.js]
[theembazaar.com/demo/3xtheme/jio-construction/assets/js/custom.js]
[theembazaar.com/demo/3xtheme/jio-construction/index.html]
[theembazaar.com/demo/3xtheme/jio-construction/assets/css/bootstrap.min.css]
[theembazaar.com/demo/3xtheme/jio-construction/assets/fonts/fontawesome-webfont3295.eot]
[theembazaar.com/demo/3xtheme/jio-construction/assets/fonts/fontawesome-webfont3295.woff2]
[theembazaar.com/demo/3xtheme/jio-construction/assets/fonts/fontawesome-webfontd41d.eot]
[theembazaar.com/demo/3xtheme/jio-construction/assets/fonts/fontawesome-webfont3295.woff]
[theembazaar.com/demo/3xtheme/jio-construction/assets/fonts/fontawesome-webfont3295.ttf]
[theembazaar.com/demo/3xtheme/jio-construction/assets/css/font-awesome.css]
[theembazaar.com/demo/3xtheme/jio-construction/assets/fonts/fontawesome-webfont3295.svg]
[theembazaar.com/demo/3xtheme/jio-construction/assets/fonts/ionicons28b5.eot]
[theembazaar.com/demo/3xtheme/jio-construction/assets/fonts/ionicons28b5.woff]
[theembazaar.com/demo/3xtheme/jio-construction/assets/fonts/ionicons28b5.ttf]
[theembazaar.com/demo/3xtheme/jio-construction/assets/css/ionicons.css]
[theembazaar.com/demo/3xtheme/jio-construction/assets/fonts/Flaticon.eot]
[theembazaar.com/demo/3xtheme/jio-construction/assets/fonts/ionicons28b5.svg]
[theembazaar.com/demo/3xtheme/jio-construction/assets/fonts/Flaticond41d.eot]
[theembazaar.com/demo/3xtheme/jio-construction/assets/fonts/Flaticon.woff]
[theembazaar.com/demo/3xtheme/jio-construction/assets/fonts/Flaticon.ttf]
[theembazaar.com/demo/3xtheme/jio-construction/assets/fonts/Flaticon.svg]
[theembazaar.com/demo/3xtheme/jio-construction/assets/css/flaticon.css]
[theembazaar.com/demo/3xtheme/jio-construction/assets/css/jquery.fancybox.css]
[theembazaar.com/demo/3xtheme/jio-construction/assets/fonts/revicons/revicons90c6.eot]
[theembazaar.com/demo/3xtheme/jio-construction/assets/fonts/revicons/revicons90c6.woff]
[theembazaar.com/demo/3xtheme/jio-construction/assets/fonts/revicons/revicons90c6.ttf]
[theembazaar.com/demo/3xtheme/jio-construction/assets/fonts/revicons/revicons90c6.svg]
[theembazaar.com/demo/3xtheme/jio-construction/assets/css/openhand.cur]
[theembazaar.com/demo/3xtheme/jio-construction/assets/css/closedhand.cur]
[theembazaar.com/demo/3xtheme/jio-construction/assets/assets/gridtile.png]
[theembazaar.com/demo/3xtheme/jio-construction/assets/assets/gridtile_white.png]
[theembazaar.com/demo/3xtheme/jio-construction/assets/assets/gridtile_3x3.png]
[theembazaar.com/demo/3xtheme/jio-construction/assets/assets/gridtile_3x3_white.png]
[theembazaar.com/demo/3xtheme/jio-construction/assets/assets/coloredbg.png]
[theembazaar.com/demo/3xtheme/jio-construction/assets/assets/loader.gif]
[theembazaar.com/demo/3xtheme/jio-construction/assets/css/settings.css]
[theembazaar.com/demo/3xtheme/jio-construction/assets/css/layers.css]
[theembazaar.com/demo/3xtheme/jio-construction/assets/css/owl.video.play.png]
[theembazaar.com/demo/3xtheme/jio-construction/assets/css/owl.carousel.css]
[theembazaar.com/demo/3xtheme/jio-construction/assets/images/bg_1.jpg]
[theembazaar.com/demo/3xtheme/jio-construction/assets/images/new_slider02.6f.delayed]
[theembazaar.com/demo/3xtheme/jio-construction/assets/images/slider-home-construction-02.jpg]
[theembazaar.com/demo/3xtheme/jio-construction/assets/images/02.jpg]
[theembazaar.com/demo/3xtheme/jio-construction/assets/images/white-texture.jpg]
[theembazaar.com/demo/3xtheme/jio-construction/assets/images/parallax2.jpg]
[theembazaar.com/demo/3xtheme/jio-construction/assets/images/parallax1.74.delayed]
[theembazaar.com/demo/3xtheme/jio-construction/assets/images/corve.png]
[theembazaar.com/demo/3xtheme/jio-construction/assets/images/bg-10.jpg]
[theembazaar.com/demo/3xtheme/jio-construction/assets/images/bg-11.jpg]
[theembazaar.com/demo/3xtheme/jio-construction/assets/images/people.jpg]
[theembazaar.com/demo/3xtheme/jio-construction/assets/images/graph.jpg]
[theembazaar.com/demo/3xtheme/jio-construction/assets/css/style.css]
[theembazaar.com/demo/3xtheme/jio-construction/assets/css/header1.css]
[theembazaar.com/demo/3xtheme/jio-construction/assets/css/footer1.css]
[theembazaar.com/demo/3xtheme/jio-construction/assets/images/Program-management.jpg]
[theembazaar.com/demo/3xtheme/jio-construction/assets/images/clientbg3.jpg]
[theembazaar.com/demo/3xtheme/jio-construction/assets/css/index1.css]
[theembazaar.com/demo/3xtheme/jio-construction/assets/css/theme-color/default.css]
[theembazaar.com/demo/3xtheme/jio-construction/assets/images/banner_bg.png]
[theembazaar.com/demo/3xtheme/jio-construction/assets/css/magnific-popup.css]
[theembazaar.com/demo/3xtheme/jio-construction/assets/css/header2.css]
[theembazaar.com/demo/3xtheme/jio-construction/assets/css/footer2.css]
[theembazaar.com/demo/3xtheme/jio-construction/assets/css/index2.css]
[theembazaar.com/demo/3xtheme/jio-construction/assets/images/logo2.png]
[theembazaar.com/demo/3xtheme/jio-construction/shop.82.delayed]
[theembazaar.com/demo/3xtheme/jio-construction/shop-sidebar.html]
[theembazaar.com/demo/3xtheme/jio-construction/shop-details.html]
[theembazaar.com/demo/3xtheme/jio-construction/cart.html]
[theembazaar.com/demo/3xtheme/jio-construction/checkout.html]
[theembazaar.com/demo/3xtheme/jio-construction/assets/images/banner/slider3.jpg]
[theembazaar.com/demo/3xtheme/jio-construction/assets/images/service/services-1.jpg]
[theembazaar.com/demo/3xtheme/jio-construction/assets/images/service/services-2.jpg]
[theembazaar.com/demo/3xtheme/jio-construction/assets/images/service/services-3.jpg]
[theembazaar.com/demo/3xtheme/jio-construction/assets/images/service/services-4.jpg]
[theembazaar.com/demo/3xtheme/jio-construction/assets/images/service/services-5.jpg]
[theembazaar.com/demo/3xtheme/jio-construction/assets/images/service/services-6.jpg]
[theembazaar.com/demo/3xtheme/jio-construction/assets/images/blog/home_blog-1.jpg]
[theembazaar.com/demo/3xtheme/jio-construction/blog-single.html]
[theembazaar.com/demo/3xtheme/jio-construction/assets/images/blog/home_blog-2.jpg]
[theembazaar.com/demo/3xtheme/jio-construction/assets/images/blog/home_blog-3.jpg]
[theembazaar.com/demo/3xtheme/jio-construction/assets/images/client/01.png]
[theembazaar.com/demo/3xtheme/jio-construction/assets/images/client/02.png]
[theembazaar.com/demo/3xtheme/jio-construction/assets/images/client/03.png]
[theembazaar.com/demo/3xtheme/jio-construction/assets/images/client/04.png]
[theembazaar.com/demo/3xtheme/jio-construction/assets/images/client/05.png]
[theembazaar.com/demo/3xtheme/jio-construction/assets/images/client/06.png]
[theembazaar.com/demo/3xtheme/jio-construction/assets/images/client/08.png]
[theembazaar.com/demo/3xtheme/jio-construction/index1.html]
[theembazaar.com/demo/3xtheme/jio-construction/assets/images/footer-logo.png]
[theembazaar.com/demo/3xtheme/jio-construction/assets/js/jquery.parallax-1.1.3.js]
[theembazaar.com/demo/3xtheme/jio-construction/assets/js/jquery.stellar.js]
[theembazaar.com/demo/3xtheme/jio-construction/index2.html]
[theembazaar.com/demo/3xtheme/jio-construction/assets/js/jquery.magnific-popup.min.js]
[theembazaar.com/demo/3xtheme/jio-construction/assets/css/header3.css]
[theembazaar.com/demo/3xtheme/jio-construction/assets/css/footer3.css]
[theembazaar.com/demo/3xtheme/jio-construction/assets/css/index3.css]
[theembazaar.com/demo/3xtheme/jio-construction/assets/images/building-information.jpg]
[theembazaar.com/demo/3xtheme/jio-construction/assets/images/services/services-2.jpg]
[theembazaar.com/demo/3xtheme/jio-construction/assets/images/services/graf.jpg]
[theembazaar.com/demo/3xtheme/jio-construction/assets/images/service/home1_services-2.jpg]
[theembazaar.com/demo/3xtheme/jio-construction/assets/images/service/home1_services-3.jpg]
[theembazaar.com/demo/3xtheme/jio-construction/assets/images/service/home1_services-4.jpg]
[theembazaar.com/demo/3xtheme/jio-construction/assets/images/service/home1_services-5.jpg]
[theembazaar.com/demo/3xtheme/jio-construction/assets/images/service/home1_services-6.jpg]
[theembazaar.com/demo/3xtheme/jio-construction/assets/images/testimonial/1.jpg]
[theembazaar.com/demo/3xtheme/jio-construction/assets/images/testimonial/2.jpg]
[theembazaar.com/demo/3xtheme/jio-construction/assets/images/testimonial/3.jpg]
[theembazaar.com/demo/3xtheme/jio-construction/index3.html]
[theembazaar.com/demo/3xtheme/jio-construction/about.html]
[theembazaar.com/demo/3xtheme/jio-construction/assets/images/2-1.jpg]
[theembazaar.com/demo/3xtheme/jio-construction/assets/images/blog.jpg]
[theembazaar.com/demo/3xtheme/jio-construction/assets/images/about-1.jpg]
[theembazaar.com/demo/3xtheme/jio-construction/assets/images/about-2.jpg]
[theembazaar.com/demo/3xtheme/jio-construction/assets/images/client-logo/1.png]
[theembazaar.com/demo/3xtheme/jio-construction/assets/images/client-logo/2.png]
[theembazaar.com/demo/3xtheme/jio-construction/assets/images/client-logo/3.png]
[theembazaar.com/demo/3xtheme/jio-construction/assets/images/client-logo/4.png]
[theembazaar.com/demo/3xtheme/jio-construction/assets/images/client-logo/5.png]
[theembazaar.com/demo/3xtheme/jio-construction/assets/images/client-logo/6.png]
[theembazaar.com/demo/3xtheme/jio-construction/about2.html]
[theembazaar.com/demo/3xtheme/jio-construction/assets/images/flyer.jpg]
[theembazaar.com/demo/3xtheme/jio-construction/about3.html]
[theembazaar.com/demo/3xtheme/jio-construction/history.html]
[theembazaar.com/demo/3xtheme/jio-construction/career.html]
[theembazaar.com/demo/3xtheme/jio-construction/partnerships.html]
[theembazaar.com/demo/3xtheme/jio-construction/assets/images/2.png]
[theembazaar.com/demo/3xtheme/jio-construction/assets/images/quote-author.jpg]
[theembazaar.com/demo/3xtheme/jio-construction/leadership.html]
[theembazaar.com/demo/3xtheme/jio-construction/services.html]
[theembazaar.com/demo/3xtheme/jio-construction/assets/images/home-left.jpg]
[theembazaar.com/demo/3xtheme/jio-construction/services-details.html]
[theembazaar.com/demo/3xtheme/jio-construction/assets/images/project/project_1.jpg]
[theembazaar.com/demo/3xtheme/jio-construction/assets/images/project/project_2.jpg]
[theembazaar.com/demo/3xtheme/jio-construction/assets/images/project/project_3.jpg]
[theembazaar.com/demo/3xtheme/jio-construction/assets/images/project/project_4.jpg]
[theembazaar.com/demo/3xtheme/jio-construction/assets/images/project/project_5.jpg]
[theembazaar.com/demo/3xtheme/jio-construction/assets/images/project/project_6.jpg]
[theembazaar.com/demo/3xtheme/jio-construction/project.html]
[theembazaar.com/demo/3xtheme/jio-construction/assets/images/popup/small-1-1.jpg]
[theembazaar.com/demo/3xtheme/jio-construction/assets/images/popup/small-2-1.jpg]
[theembazaar.com/demo/3xtheme/jio-construction/assets/images/popup/small-3-1.jpg]
[theembazaar.com/demo/3xtheme/jio-construction/assets/images/popup/small-4-1.jpg]
[theembazaar.com/demo/3xtheme/jio-construction/project-details.html]
[theembazaar.com/demo/3xtheme/jio-construction/assets/images/blog/img2.jpg]
[theembazaar.com/demo/3xtheme/jio-construction/assets/images/blog/img1.jpg]
[theembazaar.com/demo/3xtheme/jio-construction/assets/images/blog/img3.jpg]
[theembazaar.com/demo/3xtheme/jio-construction/assets/images/blog/blog-small-img.jpg]
[theembazaar.com/demo/3xtheme/jio-construction/blog.html]
[theembazaar.com/demo/3xtheme/jio-construction/assets/images/blog/6.jpg]
[theembazaar.com/demo/3xtheme/jio-construction/assets/images/blog/5.jpg]
[theembazaar.com/demo/3xtheme/jio-construction/assets/images/blog/1.jpg]
[theembazaar.com/demo/3xtheme/jio-construction/assets/images/blog/2.jpg]
[theembazaar.com/demo/3xtheme/jio-construction/assets/images/blog/3.jpg]
[theembazaar.com/demo/3xtheme/jio-construction/blog-detail.html]
[theembazaar.com/demo/3xtheme/jio-construction/assets/images/portfolio/1.jpg]
[theembazaar.com/demo/3xtheme/jio-construction/assets/images/portfolio/9.jpg]
[theembazaar.com/demo/3xtheme/jio-construction/assets/images/portfolio/8.jpg]
[theembazaar.com/demo/3xtheme/jio-construction/assets/images/portfolio/4.jpg]
[theembazaar.com/demo/3xtheme/jio-construction/assets/images/portfolio/5.jpg]
[theembazaar.com/demo/3xtheme/jio-construction/assets/images/portfolio/6.jpg]
[theembazaar.com/demo/3xtheme/jio-construction/assets/images/portfolio/7.jpg]
[theembazaar.com/demo/3xtheme/jio-construction/assets/images/portfolio/10.jpg]
[theembazaar.com/demo/3xtheme/jio-construction/assets/images/portfolio/11.jpg]
[theembazaar.com/demo/3xtheme/jio-construction/assets/images/portfolio/12.jpg]
[theembazaar.com/demo/3xtheme/jio-construction/assets/images/portfolio/13.jpg]
[theembazaar.com/demo/3xtheme/jio-construction/portfolio-grid.html]
[theembazaar.com/demo/3xtheme/jio-construction/assets/images/portfolio/14.jpg]
[theembazaar.com/demo/3xtheme/jio-construction/portfolio-single.html]
[theembazaar.com/demo/3xtheme/jio-construction/assets/images/portfolio/17.jpg]
[theembazaar.com/demo/3xtheme/jio-construction/assets/images/portfolio/34.jpg]
[theembazaar.com/demo/3xtheme/jio-construction/assets/images/portfolio/32.jpg]
[theembazaar.com/demo/3xtheme/jio-construction/assets/images/portfolio/21.jpg]
[theembazaar.com/demo/3xtheme/jio-construction/assets/images/portfolio/22.jpg]
[theembazaar.com/demo/3xtheme/jio-construction/assets/images/portfolio/29.jpg]
[theembazaar.com/demo/3xtheme/jio-construction/assets/images/portfolio/23.jpg]
[theembazaar.com/demo/3xtheme/jio-construction/assets/images/portfolio/24.jpg]
[theembazaar.com/demo/3xtheme/jio-construction/assets/images/portfolio/25.jpg]
[theembazaar.com/demo/3xtheme/jio-construction/portfolio-masonry.html]
[theembazaar.com/demo/3xtheme/jio-construction/team.html]
[theembazaar.com/demo/3xtheme/jio-construction/faq.html]
[theembazaar.com/demo/3xtheme/jio-construction/register.html]
[theembazaar.com/demo/3xtheme/jio-construction/login.html]
[theembazaar.com/demo/3xtheme/jio-construction/assets/images/user2-160x160.jpg]
[theembazaar.com/demo/3xtheme/jio-construction/testimonial.html]
[theembazaar.com/demo/3xtheme/jio-construction/404.html]
[theembazaar.com/demo/3xtheme/jio-construction/blank.html]
[theembazaar.com/demo/3xtheme/jio-construction/assets/js/mail.js]
[theembazaar.com/demo/3xtheme/jio-construction/contact.html]
[theembazaar.com/demo/3xtheme/jio-construction/about_us.html]
[theembazaar.com/demo/3xtheme/jio-construction/assets/js/jquery.min.js]
[theembazaar.com/demo/3xtheme/jio-construction/You must include the utils.js file before tether.js]
[theembazaar.com/demo/3xtheme/jio-construction/assets/js/tether.min.js]
[theembazaar.com/demo/3xtheme/jio-construction/assets/js/bootstrap.min.js]
[theembazaar.com/demo/3xtheme/jio-construction/assets/js/jquery.easing.js]
[theembazaar.com/demo/3xtheme/jio-construction/assets/js/jquery.mousewheel-3.0.6.pack.js]
[theembazaar.com/demo/3xtheme/jio-construction/assets/js/jquery.fancybox.pack.js]
[theembazaar.com/demo/3xtheme/jio-construction/assets/js/imagesloaded.pkgd.min.js]
[theembazaar.com/demo/3xtheme/jio-construction/assets/js/isotope.pkgd.min.js]
[theembazaar.com/demo/3xtheme/jio-construction/assets/js/masonry.pkgd.min.js]
[theembazaar.com/demo/3xtheme/jio-construction/assets/js/jquery.appear.js]
[theembazaar.com/demo/3xtheme/jio-construction/assets/js/owl.carousel.js]
[theembazaar.com/demo/3xtheme/jio-construction/TweenLite.e6.delayed]
[theembazaar.com/demo/3xtheme/jio-construction/assets/js/jquery.themepunch.tools.min.js]
[theembazaar.com/demo/3xtheme/jio-construction/themepunch.revolution.min.js]
[theembazaar.com/demo/3xtheme/jio-construction/Version/index.html]
[theembazaar.com/demo/3xtheme/jio-construction/jquery.themepunch.revolution.min.js]
[theembazaar.com/demo/3xtheme/jio-construction/jquery.themepunch.revolution.js]
[theembazaar.com/demo/3xtheme/jio-construction/assets/js/jquery.themepunch.revolution.min.js]
[theembazaar.com/demo/3xtheme/jio-construction/assets/extensions/revolution.extension.slideanims.min.js]
[theembazaar.com/demo/3xtheme/jio-construction/assets/extensions/revolution.extension.parallax.min.js]
[theembazaar.com/demo/3xtheme/jio-construction/assets/js/jquery.revolution.js]
[theembazaar.com/demo/3xtheme/jio-construction/assets/js/custom.js]
[theembazaar.com/demo/3xtheme/jio-construction/assets/fonts/fontawesome-webfont3295.svg]
[theembazaar.com/demo/3xtheme/jio-construction/assets/fonts/ionicons28b5.svg]
[theembazaar.com/demo/3xtheme/jio-construction/assets/fonts/Flaticon.svg]
[theembazaar.com/demo/3xtheme/jio-construction/assets/fonts/revicons/revicons90c6.svg]
[theembazaar.com/demo/3xtheme/jio-construction/assets/css/openhand.html]
[theembazaar.com/demo/3xtheme/jio-construction/assets/css/closedhand.html]
[theembazaar.com/demo/3xtheme/jio-construction/assets/assets/gridtile.html]
[theembazaar.com/demo/3xtheme/jio-construction/assets/assets/gridtile_white.html]
[theembazaar.com/demo/3xtheme/jio-construction/assets/assets/gridtile_3x3.html]
[theembazaar.com/demo/3xtheme/jio-construction/assets/assets/gridtile_3x3_white.html]
[theembazaar.com/demo/3xtheme/jio-construction/assets/assets/coloredbg.html]
[theembazaar.com/demo/3xtheme/jio-construction/assets/assets/loader.html]
[theembazaar.com/demo/3xtheme/jio-construction/assets/css/owl.video.play.html]
[theembazaar.com/demo/3xtheme/jio-construction/assets/images/new_slider02.html]
[theembazaar.com/demo/3xtheme/jio-construction/assets/images/slider-home-construction-02.html]
[theembazaar.com/demo/3xtheme/jio-construction/assets/images/02.html]
[theembazaar.com/demo/3xtheme/jio-construction/assets/images/white-texture.html]
[theembazaar.com/demo/3xtheme/jio-construction/assets/images/parallax1.html]
[theembazaar.com/demo/3xtheme/jio-construction/assets/images/corve.html]
[theembazaar.com/demo/3xtheme/jio-construction/assets/images/bg-10.html]
[theembazaar.com/demo/3xtheme/jio-construction/assets/images/bg-11.html]
[theembazaar.com/demo/3xtheme/jio-construction/assets/images/graph.html]
[theembazaar.com/demo/3xtheme/jio-construction/assets/css/magnific-popup.css]
[theembazaar.com/demo/3xtheme/jio-construction/assets/extensions/revolution.extension.layeranimation.min.js]
[theembazaar.com/demo/3xtheme/jio-construction/assets/extensions/revolution.extension.navigation.min.js]
[theembazaar.com/demo/3xtheme/jio-construction/assets/images/hero-bg.ea.delayed]
[theembazaar.com/demo/3xtheme/jio-construction/assets/css/header2.css]
[theembazaar.com/demo/3xtheme/jio-construction/assets/css/footer2.css]
[theembazaar.com/demo/3xtheme/jio-construction/assets/images/footer_bg.jpg]
[theembazaar.com/demo/3xtheme/jio-construction/assets/css/index2.css]
[theembazaar.com/demo/3xtheme/jio-construction/shop.html]
[theembazaar.com/demo/3xtheme/jio-construction/shop-sidebar.html]
[theembazaar.com/demo/3xtheme/jio-construction/shop-details.html]
[theembazaar.com/demo/3xtheme/jio-construction/cart.html]
[theembazaar.com/demo/3xtheme/jio-construction/checkout.html]
[theembazaar.com/demo/3xtheme/jio-construction/blog-single.html]
[theembazaar.com/demo/3xtheme/jio-construction/index1.html]
[theembazaar.com/demo/3xtheme/jio-construction/assets/js/jquery.parallax-1.1.3.js]
[theembazaar.com/demo/3xtheme/jio-construction/assets/js/jquery.stellar.js]
[theembazaar.com/demo/3xtheme/jio-construction/assets/js/jquery.magnific-popup.min.js]
[theembazaar.com/demo/3xtheme/jio-construction/assets/css/header3.css]
[theembazaar.com/demo/3xtheme/jio-construction/assets/css/footer3.css]
[theembazaar.com/demo/3xtheme/jio-construction/assets/images/project_bg.jpg]
[theembazaar.com/demo/3xtheme/jio-construction/assets/images/slider2.jpg]
[theembazaar.com/demo/3xtheme/jio-construction/assets/css/index3.css]
[theembazaar.com/demo/3xtheme/jio-construction/portfolio-single.html]
[theembazaar.com/demo/3xtheme/jio-construction/assets/images/construction_video.jpg]
[theembazaar.com/demo/3xtheme/jio-construction/assets/js/mail.js]
[theembazaar.com/demo/3xtheme/jio-construction/You must include the utils.js file before tether.html]
[theembazaar.com/demo/3xtheme/jio-construction/assets/js/owl.carousel.js]
[theembazaar.com/demo/3xtheme/jio-construction/TweenLite.html]
[theembazaar.com/demo/3xtheme/jio-construction/Version/index.html]
[theembazaar.com/demo/3xtheme/jio-construction/themepunch.revolution.min.html]
[theembazaar.com/demo/3xtheme/jio-construction/jquery.themepunch.revolution.min.html]
[theembazaar.com/demo/3xtheme/jio-construction/jquery.themepunch.revolution.html]
[theembazaar.com/demo/3xtheme/jio-construction/assets/extensions/revolution.extension.layeranimation.min.js]
[theembazaar.com/demo/3xtheme/jio-construction/assets/extensions/revolution.extension.navigation.min.js]
[theembazaar.com/demo/3xtheme/jio-construction/assets/images/hero-bg.html]
[theembazaar.com/demo/3xtheme/jio-construction/mail.html]
[theembazaar.com/demo/3xtheme/jio-construction/mail.html]
